2026-05-18 17:48:38,158: Logging to runs/5cond_factorial/L420_seed11_1805_174838/output.log initialized.
2026-05-18 17:48:38,158: ### Folder structure created at runs/5cond_factorial/L420_seed11_1805_174838
2026-05-18 17:48:38,159: ### Run configurations for L420_seed11
2026-05-18 17:48:38,159: experiment_name: L420_seed11
2026-05-18 17:48:38,159: run_dir: runs/5cond_factorial/L420_seed11_1805_174838
2026-05-18 17:48:38,159: train_basin_file: topology_analysis/phase1_network_discovery/outputs/component0_basins.txt
2026-05-18 17:48:38,159: validation_basin_file: topology_analysis/phase1_network_discovery/outputs/component0_basins.txt
2026-05-18 17:48:38,159: test_basin_file: topology_analysis/phase1_network_discovery/outputs/component0_basins.txt
2026-05-18 17:48:38,159: train_start_date: 1990-01-01 00:00:00
2026-05-18 17:48:38,159: train_end_date: 1999-12-31 00:00:00
2026-05-18 17:48:38,159: validation_start_date: 2000-01-01 00:00:00
2026-05-18 17:48:38,159: validation_end_date: 2004-12-31 00:00:00
2026-05-18 17:48:38,159: test_start_date: 2005-01-01 00:00:00
2026-05-18 17:48:38,159: test_end_date: 2008-12-31 00:00:00
2026-05-18 17:48:38,159: device: cpu
2026-05-18 17:48:38,159: validate_every: 999
2026-05-18 17:48:38,159: validate_n_random_basins: 10
2026-05-18 17:48:38,159: metrics: ['NSE', 'KGE']
2026-05-18 17:48:38,159: model: cudalstm
2026-05-18 17:48:38,159: head: regression
2026-05-18 17:48:38,159: output_activation: linear
2026-05-18 17:48:38,159: hidden_size: 64
2026-05-18 17:48:38,159: initial_forget_bias: 3
2026-05-18 17:48:38,159: output_dropout: 0.4
2026-05-18 17:48:38,159: optimizer: Adam
2026-05-18 17:48:38,159: loss: MSE
2026-05-18 17:48:38,159: learning_rate: {0: 0.001}
2026-05-18 17:48:38,159: batch_size: 256
2026-05-18 17:48:38,159: epochs: 1
2026-05-18 17:48:38,159: clip_gradient_norm: 1
2026-05-18 17:48:38,159: predict_last_n: 1
2026-05-18 17:48:38,159: seq_length: 30
2026-05-18 17:48:38,160: num_workers: 4
2026-05-18 17:48:38,160: log_interval: 5
2026-05-18 17:48:38,160: log_tensorboard: False
2026-05-18 17:48:38,160: dataset: camels_us
2026-05-18 17:48:38,160: data_dir: datasets/camels_us
2026-05-18 17:48:38,160: use_basin_id_encoding: True
2026-05-18 17:48:38,160: forcings: ['maurer']
2026-05-18 17:48:38,160: dynamic_inputs: ['PRCP(mm/day)', 'SRAD(W/m2)', 'Tmax(C)', 'Tmin(C)', 'Vp(Pa)']
2026-05-18 17:48:38,160: target_variables: ['QObs(mm/d)']
2026-05-18 17:48:38,160: clip_targets_to_zero: ['QObs(mm/d)']
2026-05-18 17:48:38,160: static_attributes: ['elev_mean', 'area_gages2', 'slope_mean', 'p_mean', 'pet_mean']
2026-05-18 17:48:38,160: seed: 11
2026-05-18 17:48:38,160: max_updates_per_epoch: 420
2026-05-18 17:48:38,160: number_of_basins: 183
2026-05-18 17:48:38,160: train_dir: runs/5cond_factorial/L420_seed11_1805_174838/train_data
2026-05-18 17:48:38,160: img_log_dir: runs/5cond_factorial/L420_seed11_1805_174838/img_log
2026-05-18 17:48:38,161: ### Device cpu will be used for training
2026-05-18 17:48:38,220: Loading basin data into xarray data set.
2026-05-18 17:48:45,874: Create lookup table and convert to pytorch tensor
2026-05-18 17:49:32,891: Epoch 1 average loss: avg_loss: 0.37770, avg_total_loss: 0.37770
2026-05-18 17:49:41,400: Logging to /Users/om/Desktop/neural_hydrology/runs/5cond_factorial/L420_seed11/output.log initialized.
2026-05-18 17:49:41,416: Using the model weights from /Users/om/Desktop/neural_hydrology/runs/5cond_factorial/L420_seed11/model_epoch001.pt
2026-05-18 18:10:19,938: Stored metrics at /Users/om/Desktop/neural_hydrology/runs/5cond_factorial/L420_seed11/test/model_epoch001/test_metrics.csv
2026-05-18 18:10:19,985: Stored results at /Users/om/Desktop/neural_hydrology/runs/5cond_factorial/L420_seed11/test/model_epoch001/test_results.p
