2026-06-21 06:19:56,121: Logging to runs/topology_ablation/component0/L_noID_T_component0_seed11_2106_061956/output.log initialized.
2026-06-21 06:19:56,122: ### Folder structure created at runs/topology_ablation/component0/L_noID_T_component0_seed11_2106_061956
2026-06-21 06:19:56,123: ### Run configurations for L_noID_T_component0_seed11
2026-06-21 06:19:56,124: experiment_name: L_noID_T_component0_seed11
2026-06-21 06:19:56,125: run_dir: runs/topology_ablation/component0/L_noID_T_component0_seed11_2106_061956
2026-06-21 06:19:56,125: train_basin_file: topology_analysis/phase1_network_discovery/outputs/component0_basins.txt
2026-06-21 06:19:56,125: validation_basin_file: topology_analysis/phase1_network_discovery/outputs/component0_basins.txt
2026-06-21 06:19:56,125: test_basin_file: topology_analysis/phase1_network_discovery/outputs/component0_basins.txt
2026-06-21 06:19:56,126: train_start_date: 1990-01-01 00:00:00
2026-06-21 06:19:56,126: train_end_date: 1999-12-31 00:00:00
2026-06-21 06:19:56,126: validation_start_date: 2000-01-01 00:00:00
2026-06-21 06:19:56,126: validation_end_date: 2004-12-31 00:00:00
2026-06-21 06:19:56,126: test_start_date: 2005-01-01 00:00:00
2026-06-21 06:19:56,126: test_end_date: 2008-12-31 00:00:00
2026-06-21 06:19:56,127: device: cuda:0
2026-06-21 06:19:56,127: validate_every: 5
2026-06-21 06:19:56,127: validate_n_random_basins: 10
2026-06-21 06:19:56,127: metrics: ['NSE', 'KGE']
2026-06-21 06:19:56,127: model: cudalstm
2026-06-21 06:19:56,127: head: regression
2026-06-21 06:19:56,128: output_activation: linear
2026-06-21 06:19:56,128: hidden_size: 64
2026-06-21 06:19:56,128: initial_forget_bias: 3
2026-06-21 06:19:56,128: output_dropout: 0.4
2026-06-21 06:19:56,128: optimizer: Adam
2026-06-21 06:19:56,128: loss: MSE
2026-06-21 06:19:56,128: learning_rate: {0: 0.001}
2026-06-21 06:19:56,128: batch_size: 256
2026-06-21 06:19:56,129: epochs: 30
2026-06-21 06:19:56,129: clip_gradient_norm: 1
2026-06-21 06:19:56,129: predict_last_n: 1
2026-06-21 06:19:56,129: seq_length: 30
2026-06-21 06:19:56,129: num_workers: 4
2026-06-21 06:19:56,129: log_interval: 5
2026-06-21 06:19:56,129: log_tensorboard: False
2026-06-21 06:19:56,129: dataset: camels_us
2026-06-21 06:19:56,130: data_dir: datasets/camels_us
2026-06-21 06:19:56,130: use_basin_id_encoding: False
2026-06-21 06:19:56,130: forcings: ['maurer']
2026-06-21 06:19:56,130: dynamic_inputs: ['PRCP(mm/day)', 'SRAD(W/m2)', 'Tmax(C)', 'Tmin(C)', 'Vp(Pa)']
2026-06-21 06:19:56,130: target_variables: ['QObs(mm/d)']
2026-06-21 06:19:56,130: clip_targets_to_zero: ['QObs(mm/d)']
2026-06-21 06:19:56,130: static_attributes: ['elev_mean', 'area_gages2', 'slope_mean', 'p_mean', 'pet_mean', 'graph_depth', 'n_upstream', 'total_upstream_area', 'in_degree', 'frac_upstream_area']
2026-06-21 06:19:56,130: seed: 11
2026-06-21 06:19:56,131: number_of_basins: 183
2026-06-21 06:19:56,131: train_dir: runs/topology_ablation/component0/L_noID_T_component0_seed11_2106_061956/train_data
2026-06-21 06:19:56,131: img_log_dir: runs/topology_ablation/component0/L_noID_T_component0_seed11_2106_061956/img_log
2026-06-21 06:19:56,155: ### Device cuda:0 will be used for training
2026-06-21 06:19:56,245: Loading basin data into xarray data set.
2026-06-21 06:20:22,308: Create lookup table and convert to pytorch tensor
2026-06-21 06:21:19,779: Epoch 1 average loss: avg_loss: 0.23689, avg_total_loss: 0.23689
2026-06-21 06:22:07,012: Epoch 2 average loss: avg_loss: 0.18338, avg_total_loss: 0.18338
2026-06-21 06:22:53,658: Epoch 3 average loss: avg_loss: 0.16865, avg_total_loss: 0.16865
2026-06-21 06:23:40,184: Epoch 4 average loss: avg_loss: 0.15750, avg_total_loss: 0.15750
2026-06-21 06:24:27,997: Epoch 5 average loss: avg_loss: 0.14969, avg_total_loss: 0.14969
2026-06-21 06:24:31,758: Epoch 5 average validation loss: 0.16630 -- Median validation metrics: avg_loss: 0.16630, NSE: 0.62559, KGE: 0.58457
2026-06-21 06:25:19,758: Epoch 6 average loss: avg_loss: 0.14754, avg_total_loss: 0.14754
2026-06-21 06:26:04,626: Epoch 7 average loss: avg_loss: 0.14012, avg_total_loss: 0.14012
2026-06-21 06:26:51,084: Epoch 8 average loss: avg_loss: 0.13651, avg_total_loss: 0.13651
2026-06-21 06:27:36,677: Epoch 9 average loss: avg_loss: 0.13431, avg_total_loss: 0.13431
2026-06-21 06:28:21,955: Epoch 10 average loss: avg_loss: 0.13140, avg_total_loss: 0.13140
2026-06-21 06:28:24,799: Epoch 10 average validation loss: 0.14854 -- Median validation metrics: avg_loss: 0.14854, NSE: 0.64837, KGE: 0.70753
2026-06-21 06:29:11,041: Epoch 11 average loss: avg_loss: 0.12729, avg_total_loss: 0.12729
2026-06-21 06:29:58,112: Epoch 12 average loss: avg_loss: 0.12484, avg_total_loss: 0.12484
2026-06-21 06:30:44,327: Epoch 13 average loss: avg_loss: 0.12234, avg_total_loss: 0.12234
2026-06-21 06:31:30,121: Epoch 14 average loss: avg_loss: 0.11952, avg_total_loss: 0.11952
2026-06-21 06:32:15,385: Epoch 15 average loss: avg_loss: 0.11945, avg_total_loss: 0.11945
2026-06-21 06:32:18,511: Epoch 15 average validation loss: 0.12449 -- Median validation metrics: avg_loss: 0.12449, NSE: 0.61134, KGE: 0.68408
2026-06-21 06:33:05,428: Epoch 16 average loss: avg_loss: 0.11685, avg_total_loss: 0.11685
2026-06-21 06:33:51,089: Epoch 17 average loss: avg_loss: 0.11475, avg_total_loss: 0.11475
2026-06-21 06:34:36,857: Epoch 18 average loss: avg_loss: 0.11325, avg_total_loss: 0.11325
2026-06-21 06:35:22,305: Epoch 19 average loss: avg_loss: 0.11437, avg_total_loss: 0.11437
2026-06-21 06:36:07,909: Epoch 20 average loss: avg_loss: 0.11062, avg_total_loss: 0.11062
2026-06-21 06:36:11,559: Epoch 20 average validation loss: 0.12014 -- Median validation metrics: avg_loss: 0.12014, NSE: 0.58040, KGE: 0.61766
2026-06-21 06:36:56,799: Epoch 21 average loss: avg_loss: 0.10995, avg_total_loss: 0.10995
2026-06-21 06:37:41,671: Epoch 22 average loss: avg_loss: 0.10754, avg_total_loss: 0.10754
2026-06-21 06:38:26,662: Epoch 23 average loss: avg_loss: 0.10630, avg_total_loss: 0.10630
2026-06-21 06:39:11,856: Epoch 24 average loss: avg_loss: 0.10563, avg_total_loss: 0.10563
2026-06-21 06:39:57,401: Epoch 25 average loss: avg_loss: 0.10482, avg_total_loss: 0.10482
2026-06-21 06:40:00,372: Epoch 25 average validation loss: 0.13921 -- Median validation metrics: avg_loss: 0.13921, NSE: 0.63280, KGE: 0.72211
2026-06-21 06:40:46,534: Epoch 26 average loss: avg_loss: 0.10202, avg_total_loss: 0.10202
2026-06-21 06:41:31,861: Epoch 27 average loss: avg_loss: 0.10167, avg_total_loss: 0.10167
2026-06-21 06:42:18,814: Epoch 28 average loss: avg_loss: 0.10098, avg_total_loss: 0.10098
2026-06-21 06:43:05,781: Epoch 29 average loss: avg_loss: 0.10226, avg_total_loss: 0.10226
2026-06-21 06:43:53,674: Epoch 30 average loss: avg_loss: 0.09984, avg_total_loss: 0.09984
2026-06-21 06:43:55,731: Epoch 30 average validation loss: 0.15122 -- Median validation metrics: avg_loss: 0.15122, NSE: 0.60909, KGE: 0.67259
2026-06-21 06:44:05,484: Logging to /content/nh/runs/topology_ablation/component0/L_noID_T_component0_seed11/output.log initialized.
2026-06-21 06:44:06,084: Using the model weights from /content/nh/runs/topology_ablation/component0/L_noID_T_component0_seed11/model_epoch030.pt
2026-06-21 06:45:01,792: Stored metrics at /content/nh/runs/topology_ablation/component0/L_noID_T_component0_seed11/test/model_epoch030/test_metrics.csv
2026-06-21 06:45:01,871: Stored results at /content/nh/runs/topology_ablation/component0/L_noID_T_component0_seed11/test/model_epoch030/test_results.p
