2026-06-21 05:13:32,834: Logging to runs/topology_ablation/component0/L_T_component0_seed11_2106_051332/output.log initialized.
2026-06-21 05:13:32,835: ### Folder structure created at runs/topology_ablation/component0/L_T_component0_seed11_2106_051332
2026-06-21 05:13:32,836: ### Run configurations for L_T_component0_seed11
2026-06-21 05:13:32,838: experiment_name: L_T_component0_seed11
2026-06-21 05:13:32,838: run_dir: runs/topology_ablation/component0/L_T_component0_seed11_2106_051332
2026-06-21 05:13:32,838: train_basin_file: topology_analysis/phase1_network_discovery/outputs/component0_basins.txt
2026-06-21 05:13:32,839: validation_basin_file: topology_analysis/phase1_network_discovery/outputs/component0_basins.txt
2026-06-21 05:13:32,839: test_basin_file: topology_analysis/phase1_network_discovery/outputs/component0_basins.txt
2026-06-21 05:13:32,839: train_start_date: 1990-01-01 00:00:00
2026-06-21 05:13:32,839: train_end_date: 1999-12-31 00:00:00
2026-06-21 05:13:32,839: validation_start_date: 2000-01-01 00:00:00
2026-06-21 05:13:32,840: validation_end_date: 2004-12-31 00:00:00
2026-06-21 05:13:32,840: test_start_date: 2005-01-01 00:00:00
2026-06-21 05:13:32,840: test_end_date: 2008-12-31 00:00:00
2026-06-21 05:13:32,840: device: cuda:0
2026-06-21 05:13:32,840: validate_every: 5
2026-06-21 05:13:32,840: validate_n_random_basins: 10
2026-06-21 05:13:32,841: metrics: ['NSE', 'KGE']
2026-06-21 05:13:32,841: model: cudalstm
2026-06-21 05:13:32,841: head: regression
2026-06-21 05:13:32,841: output_activation: linear
2026-06-21 05:13:32,841: hidden_size: 64
2026-06-21 05:13:32,841: initial_forget_bias: 3
2026-06-21 05:13:32,841: output_dropout: 0.4
2026-06-21 05:13:32,841: optimizer: Adam
2026-06-21 05:13:32,842: loss: MSE
2026-06-21 05:13:32,842: learning_rate: {0: 0.001}
2026-06-21 05:13:32,842: batch_size: 256
2026-06-21 05:13:32,842: epochs: 30
2026-06-21 05:13:32,842: clip_gradient_norm: 1
2026-06-21 05:13:32,842: predict_last_n: 1
2026-06-21 05:13:32,842: seq_length: 30
2026-06-21 05:13:32,842: num_workers: 4
2026-06-21 05:13:32,843: log_interval: 5
2026-06-21 05:13:32,843: log_tensorboard: False
2026-06-21 05:13:32,843: dataset: camels_us
2026-06-21 05:13:32,843: data_dir: datasets/camels_us
2026-06-21 05:13:32,843: use_basin_id_encoding: True
2026-06-21 05:13:32,843: forcings: ['maurer']
2026-06-21 05:13:32,843: dynamic_inputs: ['PRCP(mm/day)', 'SRAD(W/m2)', 'Tmax(C)', 'Tmin(C)', 'Vp(Pa)']
2026-06-21 05:13:32,844: target_variables: ['QObs(mm/d)']
2026-06-21 05:13:32,844: clip_targets_to_zero: ['QObs(mm/d)']
2026-06-21 05:13:32,844: static_attributes: ['elev_mean', 'area_gages2', 'slope_mean', 'p_mean', 'pet_mean', 'graph_depth', 'n_upstream', 'total_upstream_area', 'in_degree', 'frac_upstream_area']
2026-06-21 05:13:32,844: seed: 11
2026-06-21 05:13:32,844: number_of_basins: 183
2026-06-21 05:13:32,844: train_dir: runs/topology_ablation/component0/L_T_component0_seed11_2106_051332/train_data
2026-06-21 05:13:32,844: img_log_dir: runs/topology_ablation/component0/L_T_component0_seed11_2106_051332/img_log
2026-06-21 05:13:32,869: ### Device cuda:0 will be used for training
2026-06-21 05:13:32,994: Loading basin data into xarray data set.
2026-06-21 05:14:00,279: Create lookup table and convert to pytorch tensor
2026-06-21 05:15:27,543: Epoch 1 average loss: avg_loss: 0.22303, avg_total_loss: 0.22303
2026-06-21 05:16:43,874: Epoch 2 average loss: avg_loss: 0.15770, avg_total_loss: 0.15770
2026-06-21 05:18:01,727: Epoch 3 average loss: avg_loss: 0.13988, avg_total_loss: 0.13988
2026-06-21 05:19:18,374: Epoch 4 average loss: avg_loss: 0.13022, avg_total_loss: 0.13022
2026-06-21 05:20:35,278: Epoch 5 average loss: avg_loss: 0.12266, avg_total_loss: 0.12266
2026-06-21 05:20:40,938: Epoch 5 average validation loss: 0.14395 -- Median validation metrics: avg_loss: 0.14395, NSE: 0.68352, KGE: 0.62023
2026-06-21 05:22:00,231: Epoch 6 average loss: avg_loss: 0.11570, avg_total_loss: 0.11570
2026-06-21 05:23:21,848: Epoch 7 average loss: avg_loss: 0.11097, avg_total_loss: 0.11097
2026-06-21 05:24:42,231: Epoch 8 average loss: avg_loss: 0.10561, avg_total_loss: 0.10561
2026-06-21 05:26:01,942: Epoch 9 average loss: avg_loss: 0.10176, avg_total_loss: 0.10176
2026-06-21 05:27:23,452: Epoch 10 average loss: avg_loss: 0.09873, avg_total_loss: 0.09873
2026-06-21 05:27:27,525: Epoch 10 average validation loss: 0.14477 -- Median validation metrics: avg_loss: 0.14477, NSE: 0.65095, KGE: 0.66858
2026-06-21 05:28:45,790: Epoch 11 average loss: avg_loss: 0.09596, avg_total_loss: 0.09596
2026-06-21 05:30:02,053: Epoch 12 average loss: avg_loss: 0.09283, avg_total_loss: 0.09283
2026-06-21 05:31:16,555: Epoch 13 average loss: avg_loss: 0.08973, avg_total_loss: 0.08973
2026-06-21 05:32:31,129: Epoch 14 average loss: avg_loss: 0.08885, avg_total_loss: 0.08885
2026-06-21 05:33:45,147: Epoch 15 average loss: avg_loss: 0.08552, avg_total_loss: 0.08552
2026-06-21 05:33:50,007: Epoch 15 average validation loss: 0.11594 -- Median validation metrics: avg_loss: 0.11594, NSE: 0.60366, KGE: 0.66249
2026-06-21 05:35:04,257: Epoch 16 average loss: avg_loss: 0.08531, avg_total_loss: 0.08531
2026-06-21 05:36:19,800: Epoch 17 average loss: avg_loss: 0.08207, avg_total_loss: 0.08207
2026-06-21 05:37:34,017: Epoch 18 average loss: avg_loss: 0.08025, avg_total_loss: 0.08025
2026-06-21 05:38:48,106: Epoch 19 average loss: avg_loss: 0.07949, avg_total_loss: 0.07949
2026-06-21 05:40:04,026: Epoch 20 average loss: avg_loss: 0.07784, avg_total_loss: 0.07784
2026-06-21 05:40:08,015: Epoch 20 average validation loss: 0.10991 -- Median validation metrics: avg_loss: 0.10991, NSE: 0.60821, KGE: 0.73401
2026-06-21 05:41:24,212: Epoch 21 average loss: avg_loss: 0.07583, avg_total_loss: 0.07583
2026-06-21 05:42:43,064: Epoch 22 average loss: avg_loss: 0.07555, avg_total_loss: 0.07555
2026-06-21 05:44:03,164: Epoch 23 average loss: avg_loss: 0.07544, avg_total_loss: 0.07544
2026-06-21 05:45:19,624: Epoch 24 average loss: avg_loss: 0.07311, avg_total_loss: 0.07311
2026-06-21 05:46:36,247: Epoch 25 average loss: avg_loss: 0.07159, avg_total_loss: 0.07159
2026-06-21 05:46:39,714: Epoch 25 average validation loss: 0.13055 -- Median validation metrics: avg_loss: 0.13055, NSE: 0.66198, KGE: 0.68124
2026-06-21 05:47:55,804: Epoch 26 average loss: avg_loss: 0.07213, avg_total_loss: 0.07213
2026-06-21 05:49:13,169: Epoch 27 average loss: avg_loss: 0.06877, avg_total_loss: 0.06877
2026-06-21 05:50:34,773: Epoch 28 average loss: avg_loss: 0.06937, avg_total_loss: 0.06937
2026-06-21 05:51:52,504: Epoch 29 average loss: avg_loss: 0.06845, avg_total_loss: 0.06845
2026-06-21 05:53:12,729: Epoch 30 average loss: avg_loss: 0.06682, avg_total_loss: 0.06682
2026-06-21 05:53:15,451: Epoch 30 average validation loss: 0.16623 -- Median validation metrics: avg_loss: 0.16623, NSE: 0.56974, KGE: 0.61670
2026-06-21 05:53:24,779: Logging to /content/nh/runs/topology_ablation/component0/L_T_component0_seed11/output.log initialized.
2026-06-21 05:53:25,617: Using the model weights from /content/nh/runs/topology_ablation/component0/L_T_component0_seed11/model_epoch030.pt
2026-06-21 05:54:36,030: Stored metrics at /content/nh/runs/topology_ablation/component0/L_T_component0_seed11/test/model_epoch030/test_metrics.csv
2026-06-21 05:54:36,126: Stored results at /content/nh/runs/topology_ablation/component0/L_T_component0_seed11/test/model_epoch030/test_results.p
