2026-06-21 04:32:22,989: Logging to runs/topology_ablation/component0/L_component0_seed11_2106_043222/output.log initialized.
2026-06-21 04:32:22,990: ### Folder structure created at runs/topology_ablation/component0/L_component0_seed11_2106_043222
2026-06-21 04:32:22,992: ### Run configurations for L_component0_seed11
2026-06-21 04:32:22,995: experiment_name: L_component0_seed11
2026-06-21 04:32:22,996: run_dir: runs/topology_ablation/component0/L_component0_seed11_2106_043222
2026-06-21 04:32:22,997: train_basin_file: topology_analysis/phase1_network_discovery/outputs/component0_basins.txt
2026-06-21 04:32:22,997: validation_basin_file: topology_analysis/phase1_network_discovery/outputs/component0_basins.txt
2026-06-21 04:32:22,997: test_basin_file: topology_analysis/phase1_network_discovery/outputs/component0_basins.txt
2026-06-21 04:32:22,997: train_start_date: 1990-01-01 00:00:00
2026-06-21 04:32:22,998: train_end_date: 1999-12-31 00:00:00
2026-06-21 04:32:22,998: validation_start_date: 2000-01-01 00:00:00
2026-06-21 04:32:22,998: validation_end_date: 2004-12-31 00:00:00
2026-06-21 04:32:22,998: test_start_date: 2005-01-01 00:00:00
2026-06-21 04:32:22,999: test_end_date: 2008-12-31 00:00:00
2026-06-21 04:32:22,999: device: cuda:0
2026-06-21 04:32:22,999: validate_every: 5
2026-06-21 04:32:22,999: validate_n_random_basins: 10
2026-06-21 04:32:23,000: metrics: ['NSE', 'KGE']
2026-06-21 04:32:23,000: model: cudalstm
2026-06-21 04:32:23,000: head: regression
2026-06-21 04:32:23,000: output_activation: linear
2026-06-21 04:32:23,000: hidden_size: 64
2026-06-21 04:32:23,001: initial_forget_bias: 3
2026-06-21 04:32:23,001: output_dropout: 0.4
2026-06-21 04:32:23,001: optimizer: Adam
2026-06-21 04:32:23,001: loss: MSE
2026-06-21 04:32:23,001: learning_rate: {0: 0.001}
2026-06-21 04:32:23,001: batch_size: 256
2026-06-21 04:32:23,002: epochs: 30
2026-06-21 04:32:23,002: clip_gradient_norm: 1
2026-06-21 04:32:23,002: predict_last_n: 1
2026-06-21 04:32:23,002: seq_length: 30
2026-06-21 04:32:23,002: num_workers: 4
2026-06-21 04:32:23,002: log_interval: 5
2026-06-21 04:32:23,002: log_tensorboard: False
2026-06-21 04:32:23,003: dataset: camels_us
2026-06-21 04:32:23,003: data_dir: datasets/camels_us
2026-06-21 04:32:23,003: use_basin_id_encoding: True
2026-06-21 04:32:23,003: forcings: ['maurer']
2026-06-21 04:32:23,003: dynamic_inputs: ['PRCP(mm/day)', 'SRAD(W/m2)', 'Tmax(C)', 'Tmin(C)', 'Vp(Pa)']
2026-06-21 04:32:23,004: target_variables: ['QObs(mm/d)']
2026-06-21 04:32:23,004: clip_targets_to_zero: ['QObs(mm/d)']
2026-06-21 04:32:23,004: static_attributes: ['elev_mean', 'area_gages2', 'slope_mean', 'p_mean', 'pet_mean']
2026-06-21 04:32:23,004: seed: 11
2026-06-21 04:32:23,004: number_of_basins: 183
2026-06-21 04:32:23,004: train_dir: runs/topology_ablation/component0/L_component0_seed11_2106_043222/train_data
2026-06-21 04:32:23,005: img_log_dir: runs/topology_ablation/component0/L_component0_seed11_2106_043222/img_log
2026-06-21 04:32:23,034: ### Device cuda:0 will be used for training
2026-06-21 04:32:23,136: Loading basin data into xarray data set.
2026-06-21 04:32:50,149: Create lookup table and convert to pytorch tensor
2026-06-21 04:34:15,209: Epoch 1 average loss: avg_loss: 0.22057, avg_total_loss: 0.22057
2026-06-21 04:35:30,870: Epoch 2 average loss: avg_loss: 0.15680, avg_total_loss: 0.15680
2026-06-21 04:36:45,491: Epoch 3 average loss: avg_loss: 0.13986, avg_total_loss: 0.13986
2026-06-21 04:37:59,016: Epoch 4 average loss: avg_loss: 0.12918, avg_total_loss: 0.12918
2026-06-21 04:39:14,753: Epoch 5 average loss: avg_loss: 0.12060, avg_total_loss: 0.12060
2026-06-21 04:39:19,170: Epoch 5 average validation loss: 0.13412 -- Median validation metrics: avg_loss: 0.13412, NSE: 0.67573, KGE: 0.67483
2026-06-21 04:40:36,193: Epoch 6 average loss: avg_loss: 0.11500, avg_total_loss: 0.11500
2026-06-21 04:41:53,655: Epoch 7 average loss: avg_loss: 0.10856, avg_total_loss: 0.10856
2026-06-21 04:43:08,573: Epoch 8 average loss: avg_loss: 0.10488, avg_total_loss: 0.10488
2026-06-21 04:44:24,943: Epoch 9 average loss: avg_loss: 0.10089, avg_total_loss: 0.10089
2026-06-21 04:45:42,399: Epoch 10 average loss: avg_loss: 0.09741, avg_total_loss: 0.09741
2026-06-21 04:45:46,751: Epoch 10 average validation loss: 0.13581 -- Median validation metrics: avg_loss: 0.13581, NSE: 0.66455, KGE: 0.71402
2026-06-21 04:47:02,458: Epoch 11 average loss: avg_loss: 0.09450, avg_total_loss: 0.09450
2026-06-21 04:48:19,425: Epoch 12 average loss: avg_loss: 0.09196, avg_total_loss: 0.09196
2026-06-21 04:49:36,319: Epoch 13 average loss: avg_loss: 0.08924, avg_total_loss: 0.08924
2026-06-21 04:50:52,153: Epoch 14 average loss: avg_loss: 0.08796, avg_total_loss: 0.08796
2026-06-21 04:52:09,767: Epoch 15 average loss: avg_loss: 0.08481, avg_total_loss: 0.08481
2026-06-21 04:52:13,556: Epoch 15 average validation loss: 0.11448 -- Median validation metrics: avg_loss: 0.11448, NSE: 0.62637, KGE: 0.67242
2026-06-21 04:53:37,815: Epoch 16 average loss: avg_loss: 0.08339, avg_total_loss: 0.08339
2026-06-21 04:54:55,744: Epoch 17 average loss: avg_loss: 0.08186, avg_total_loss: 0.08186
2026-06-21 04:56:13,084: Epoch 18 average loss: avg_loss: 0.08192, avg_total_loss: 0.08192
2026-06-21 04:57:31,937: Epoch 19 average loss: avg_loss: 0.07893, avg_total_loss: 0.07893
2026-06-21 04:58:49,558: Epoch 20 average loss: avg_loss: 0.07731, avg_total_loss: 0.07731
2026-06-21 04:58:53,790: Epoch 20 average validation loss: 0.12179 -- Median validation metrics: avg_loss: 0.12179, NSE: 0.57309, KGE: 0.67384
2026-06-21 05:00:12,115: Epoch 21 average loss: avg_loss: 0.07606, avg_total_loss: 0.07606
2026-06-21 05:01:28,405: Epoch 22 average loss: avg_loss: 0.07418, avg_total_loss: 0.07418
2026-06-21 05:02:48,925: Epoch 23 average loss: avg_loss: 0.07331, avg_total_loss: 0.07331
2026-06-21 05:04:06,833: Epoch 24 average loss: avg_loss: 0.07151, avg_total_loss: 0.07151
2026-06-21 05:05:23,493: Epoch 25 average loss: avg_loss: 0.07114, avg_total_loss: 0.07114
2026-06-21 05:05:26,798: Epoch 25 average validation loss: 0.12903 -- Median validation metrics: avg_loss: 0.12903, NSE: 0.64107, KGE: 0.64470
2026-06-21 05:06:44,587: Epoch 26 average loss: avg_loss: 0.06971, avg_total_loss: 0.06971
2026-06-21 05:08:04,493: Epoch 27 average loss: avg_loss: 0.06928, avg_total_loss: 0.06928
2026-06-21 05:09:21,474: Epoch 28 average loss: avg_loss: 0.06811, avg_total_loss: 0.06811
2026-06-21 05:10:44,021: Epoch 29 average loss: avg_loss: 0.06715, avg_total_loss: 0.06715
2026-06-21 05:12:01,037: Epoch 30 average loss: avg_loss: 0.06646, avg_total_loss: 0.06646
2026-06-21 05:12:04,391: Epoch 30 average validation loss: 0.16620 -- Median validation metrics: avg_loss: 0.16620, NSE: 0.55408, KGE: 0.64623
2026-06-21 05:12:14,916: Logging to /content/nh/runs/topology_ablation/component0/L_component0_seed11/output.log initialized.
2026-06-21 05:12:15,762: Using the model weights from /content/nh/runs/topology_ablation/component0/L_component0_seed11/model_epoch030.pt
2026-06-21 05:13:24,201: Stored metrics at /content/nh/runs/topology_ablation/component0/L_component0_seed11/test/model_epoch030/test_metrics.csv
2026-06-21 05:13:24,307: Stored results at /content/nh/runs/topology_ablation/component0/L_component0_seed11/test/model_epoch030/test_results.p
